// Jest Snapshot v1, https://goo.gl/fbAQLP

exports[`App component expect to match snapshot 1`] = `
<div>
  <div>
    <h1>
      Hello from App
    </h1>
  </div>
</div>
`;
